{
  "data": {
    "attributes": {
      "description": "Some description",
      "endAt": "0001-01-01T00:00:00Z",
      "name": "iteration 00000000-0000-0000-0000-000000000001",
      "startAt": "0001-01-01T00:00:00Z",
      "user_active": false
    },
    "type": "iterations"
  }
}