{
  "data": {
    "attributes": {
      "description": "Some description",
      "endAt": "0001-01-01T00:00:00Z",
      "name": "Sprint #21",
      "startAt": "0001-01-01T00:00:00Z"
    },
    "type": "iterations"
  }
}