{
  "data": {
    "attributes": {
      "created-at": "0001-01-01T00:00:00Z",
      "description": "Description for 'animal'",
      "fields": {
        "animal_type": {
          "description": "Description for animal_type field",
          "label": "Animal Type",
          "required": true,
          "type": {
            "baseType": "string",
            "kind": "enum",
            "values": [
              "elephant",
              "blue whale",
              "Tyrannosaurus rex"
            ]
          }
        },
        "color": {
          "description": "Description for color field",
          "label": "Color",
          "required": true,
          "type": {
            "kind": "string"
          }
        }
      },
      "icon": "fa-hand-lizard-o",
      "name": "animal",
      "updated-at": "0001-01-01T00:00:00Z",
      "version": 0
    },
    "id": "00000000-0000-0000-0000-000000000001",
    "relationships": {
      "space": {
        "data": {
          "id": "00000000-0000-0000-0000-000000000002",
          "type": "spaces"
        },
        "links": {
          "related": "http:///api/spaces/00000000-0000-0000-0000-000000000002",
          "self": "http:///api/spaces/00000000-0000-0000-0000-000000000002"
        }
      },
      "space_template": {
        "data": {
          "id": "00000000-0000-0000-0000-000000000003",
          "type": "spacetemplates"
        },
        "links": {
          "related": "http:///api/spacetemplates/00000000-0000-0000-0000-000000000003",
          "self": "http:///api/spacetemplates/00000000-0000-0000-0000-000000000003"
        }
      }
    },
    "type": "workitemtypes"
  }
}