{
  "data": {
    "attributes": {
      "created-at": "0001-01-01T00:00:00Z",
      "description": "Description for 'person'",
      "fields": {
        "name": {
          "description": "Description for Name field",
          "label": "Name",
          "required": true,
          "type": {
            "kind": "string"
          }
        }
      },
      "icon": "fa-user",
      "name": "person",
      "updated-at": "0001-01-01T00:00:00Z",
      "version": 0
    },
    "id": "00000000-0000-0000-0000-000000000001",
    "relationships": {
      "space": {
        "data": {
          "id": "00000000-0000-0000-0000-000000000002",
          "type": "spaces"
        },
        "links": {
          "related": "http:///api/spaces/00000000-0000-0000-0000-000000000002",
          "self": "http:///api/spaces/00000000-0000-0000-0000-000000000002"
        }
      }
    },
    "type": "workitemtypes"
  }
}